---
source: tests/golden.rs
expression: stdout
---
List / set / remove project env-overrides.

USAGE
  basin secrets [args]

FLAGS / SUBCOMMANDS
  list --project <ref>                            Print every override (values masked).
  set  --project <ref> KEY=VALUE [KEY=VALUE ...]  Set or update overrides.
  rm   --project <ref> KEY [KEY ...]              Remove overrides.
