# Basin golden answers — recorded from the INCUMBENT engine (BASIN_OWNED_ENGINE unset).
# suite: base   area: Windows
# Do not hand-edit. Regenerate: BASIN_GOLDEN_RECORD=1 cargo test -p basin-integration-tests \
#   --test golden_answers -- --ignored --nocapture record_golden_answers
# Rows are sorted unless ORDER is `as-returned`. `\N` is NULL. Cells are tab-separated.

QUERY 0087
AREA Windows
SQL SELECT id, row_number() OVER (ORDER BY id) FROM t
ORDER sorted
STATUS rows
COL id	Int64	notnull
COL row_number() ORDER BY [t.id ASC NULLS LAST] RANGE BETWEEN UNBOUNDED PRECEDING AND CURRENT ROW	UInt64	notnull
NROWS 5
ROW 1	1
ROW 100	4
ROW 101	5
ROW 2	2
ROW 3	3
END

QUERY 0088
AREA Windows
SQL SELECT id, lag(id) OVER (ORDER BY id) FROM t
ORDER sorted
STATUS rows
COL id	Int64	notnull
COL lag(t.id) ORDER BY [t.id ASC NULLS LAST] RANGE BETWEEN UNBOUNDED PRECEDING AND CURRENT ROW	Int64	null
NROWS 5
ROW 1	\N
ROW 100	3
ROW 101	100
ROW 2	1
ROW 3	2
END

QUERY 0089
AREA Windows
SQL SELECT tid, n, rank() OVER (PARTITION BY tid ORDER BY n) FROM u
ORDER sorted
STATUS rows
COL tid	Int64	null
COL n	Int32	null
COL rank() PARTITION BY [u.tid] ORDER BY [u.n ASC NULLS LAST] RANGE BETWEEN UNBOUNDED PRECEDING AND CURRENT ROW	UInt64	notnull
NROWS 4
ROW 1	7	1
ROW 1	8	2
ROW 2	9	1
ROW \N	\N	1
END

QUERY 0090
AREA Windows
SQL SELECT tid, sum(n) OVER (PARTITION BY tid) FROM u
ORDER sorted
STATUS rows
COL tid	Int64	null
COL sum(u.n) PARTITION BY [u.tid] ROWS BETWEEN UNBOUNDED PRECEDING AND UNBOUNDED FOLLOWING	Int64	null
NROWS 4
ROW 1	15
ROW 1	15
ROW 2	9
ROW \N	\N
END

QUERY 0091
AREA Windows
SQL SELECT n, sum(n) OVER (ORDER BY n ROWS BETWEEN 1 PRECEDING AND CURRENT ROW) FROM u
ORDER sorted
STATUS rows
COL n	Int32	null
COL sum(u.n) ORDER BY [u.n ASC NULLS LAST] ROWS BETWEEN 1 PRECEDING AND CURRENT ROW	Int64	null
NROWS 4
ROW 7	7
ROW 8	15
ROW 9	17
ROW \N	9
END

QUERY 0092
AREA Windows
SQL SELECT n, first_value(n) OVER (PARTITION BY tid ORDER BY n) FROM u
ORDER sorted
STATUS rows
COL n	Int32	null
COL first_value(u.n) PARTITION BY [u.tid] ORDER BY [u.n ASC NULLS LAST] RANGE BETWEEN UNBOUNDED PRECEDING AND CURRENT ROW	Int32	null
NROWS 4
ROW 7	7
ROW 8	7
ROW 9	9
ROW \N	\N
END

QUERY 0093
AREA Windows
SQL SELECT n, ntile(2) OVER (ORDER BY n) FROM u
ORDER sorted
STATUS rows
COL n	Int32	null
COL ntile(Int64(2)) ORDER BY [u.n ASC NULLS LAST] RANGE BETWEEN UNBOUNDED PRECEDING AND CURRENT ROW	UInt64	notnull
NROWS 4
ROW 7	1
ROW 8	1
ROW 9	2
ROW \N	2
END

QUERY 0094
AREA Windows
SQL SELECT n, percent_rank() OVER (ORDER BY n) FROM u
ORDER sorted
STATUS rows
COL n	Int32	null
COL percent_rank() ORDER BY [u.n ASC NULLS LAST] RANGE BETWEEN UNBOUNDED PRECEDING AND CURRENT ROW	Float64	notnull
NROWS 4
ROW 7	0.0
ROW 8	0.3333333333333333
ROW 9	0.6666666666666666
ROW \N	1.0
END

QUERY 0095
AREA Windows
SQL SELECT n, cume_dist() OVER (ORDER BY n) FROM u
ORDER sorted
STATUS rows
COL n	Int32	null
COL cume_dist() ORDER BY [u.n ASC NULLS LAST] RANGE BETWEEN UNBOUNDED PRECEDING AND CURRENT ROW	Float64	notnull
NROWS 4
ROW 7	0.25
ROW 8	0.5
ROW 9	0.75
ROW \N	1.0
END

QUERY 0096
AREA Windows
SQL SELECT n, lead(n, 1, 0) OVER (ORDER BY n) FROM u
ORDER sorted
STATUS rows
COL n	Int32	null
COL lead(u.n,Int64(1),Int64(0)) ORDER BY [u.n ASC NULLS LAST] RANGE BETWEEN UNBOUNDED PRECEDING AND CURRENT ROW	Int32	null
NROWS 4
ROW 7	8
ROW 8	9
ROW 9	\N
ROW \N	0
END

QUERY 0097
AREA Windows
SQL SELECT n, last_value(n) OVER (PARTITION BY tid ORDER BY n ROWS BETWEEN UNBOUNDED PRECEDING AND UNBOUNDED FOLLOWING) FROM u
ORDER sorted
STATUS rows
COL n	Int32	null
COL last_value(u.n) PARTITION BY [u.tid] ORDER BY [u.n ASC NULLS LAST] ROWS BETWEEN UNBOUNDED PRECEDING AND UNBOUNDED FOLLOWING	Int32	null
NROWS 4
ROW 7	8
ROW 8	8
ROW 9	9
ROW \N	\N
END

QUERY 0098
AREA Windows
SQL SELECT n, nth_value(n, 2) OVER (PARTITION BY tid ORDER BY n) FROM u
ORDER sorted
STATUS rows
COL n	Int32	null
COL nth_value(u.n,Int64(2)) PARTITION BY [u.tid] ORDER BY [u.n ASC NULLS LAST] RANGE BETWEEN UNBOUNDED PRECEDING AND CURRENT ROW	Int32	null
NROWS 4
ROW 7	\N
ROW 8	8
ROW 9	\N
ROW \N	\N
END

QUERY 0099
AREA Windows
SQL SELECT n, dense_rank() OVER (ORDER BY n) FROM u
ORDER sorted
STATUS rows
COL n	Int32	null
COL dense_rank() ORDER BY [u.n ASC NULLS LAST] RANGE BETWEEN UNBOUNDED PRECEDING AND CURRENT ROW	UInt64	notnull
NROWS 4
ROW 7	1
ROW 8	2
ROW 9	3
ROW \N	4
END

QUERY 0100
AREA Windows
SQL SELECT n, sum(n) OVER (ORDER BY n RANGE BETWEEN UNBOUNDED PRECEDING AND CURRENT ROW) FROM u
ORDER sorted
STATUS rows
COL n	Int32	null
COL sum(u.n) ORDER BY [u.n ASC NULLS LAST] RANGE BETWEEN UNBOUNDED PRECEDING AND CURRENT ROW	Int64	null
NROWS 4
ROW 7	7
ROW 8	15
ROW 9	24
ROW \N	24
END

QUERY 0101
AREA Windows
SQL SELECT n, avg(n) OVER w FROM u WINDOW w AS (PARTITION BY tid ORDER BY n)
ORDER sorted
STATUS rows
COL n	Int32	null
COL avg(u.n) PARTITION BY [u.tid] ORDER BY [u.n ASC NULLS LAST] RANGE BETWEEN UNBOUNDED PRECEDING AND CURRENT ROW	Float64	null
NROWS 4
ROW 7	7.0
ROW 8	7.5
ROW 9	9.0
ROW \N	\N
END

QUERY 0102
AREA Windows
SQL SELECT n, sum(n) OVER (PARTITION BY tid ORDER BY n ROWS BETWEEN 1 PRECEDING AND 1 FOLLOWING) FROM u
ORDER sorted
STATUS rows
COL n	Int32	null
COL sum(u.n) PARTITION BY [u.tid] ORDER BY [u.n ASC NULLS LAST] ROWS BETWEEN 1 PRECEDING AND 1 FOLLOWING	Int64	null
NROWS 4
ROW 7	15
ROW 8	15
ROW 9	9
ROW \N	\N
END

QUERY 0103
AREA Windows
SQL SELECT n, count(*) OVER () FROM u
ORDER sorted
STATUS rows
COL n	Int32	null
COL count(*) ROWS BETWEEN UNBOUNDED PRECEDING AND UNBOUNDED FOLLOWING	Int64	notnull
NROWS 4
ROW 7	4
ROW 8	4
ROW 9	4
ROW \N	4
END

QUERY 0104
AREA Windows
SQL SELECT n, sum(n) OVER (ORDER BY n GROUPS BETWEEN 1 PRECEDING AND CURRENT ROW) FROM u
ORDER sorted
STATUS rows
COL n	Int32	null
COL sum(u.n) ORDER BY [u.n ASC NULLS LAST] GROUPS BETWEEN 1 PRECEDING AND CURRENT ROW	Int64	null
NROWS 4
ROW 7	7
ROW 8	15
ROW 9	17
ROW \N	9
END

