# Basin golden answers — recorded from the INCUMBENT engine (BASIN_OWNED_ENGINE unset).
# suite: errors   area: Missing objects
# Do not hand-edit. Regenerate: BASIN_GOLDEN_RECORD=1 cargo test -p basin-integration-tests \
#   --test golden_answers -- --ignored --nocapture record_golden_answers
# Rows are sorted unless ORDER is `as-returned`. `\N` is NULL. Cells are tab-separated.

QUERY 0006
AREA Missing objects
SQL SELECT * FROM no_such_table
ORDER sorted
STATUS error
ERROR relation "no_such_table" does not exist
END

QUERY 0007
AREA Missing objects
SQL SELECT no_such_column FROM t
ORDER sorted
STATUS error
ERROR column "no_such_column" does not exist
END

QUERY 0008
AREA Missing objects
SQL SELECT no_such_fn(1)
ORDER sorted
STATUS error
ERROR function no_such_fn does not exist
END

QUERY 0009
AREA Missing objects
SQL DROP TABLE no_such_table
ORDER sorted
STATUS error
ERROR not found: <PROJECT>/public.no_such_table
END

QUERY 0010
AREA Missing objects
SQL UPDATE no_such_table SET x = 1
ORDER sorted
STATUS error
ERROR not found: <PROJECT>/public.no_such_table
END

QUERY 0011
AREA Missing objects
SQL ALTER TABLE t DROP COLUMN nope
ORDER sorted
STATUS error
ERROR invalid schema: ALTER TABLE t: column "nope" does not exist
END

