# Basin golden answers — recorded from the INCUMBENT engine (BASIN_OWNED_ENGINE unset).
# suite: rls   area: RLS disabled again
# Do not hand-edit. Regenerate: BASIN_GOLDEN_RECORD=1 cargo test -p basin-integration-tests \
#   --test golden_answers -- --ignored --nocapture record_golden_answers
# Rows are sorted unless ORDER is `as-returned`. `\N` is NULL. Cells are tab-separated.

QUERY 0024
AREA RLS disabled again
SQL ALTER TABLE docs DISABLE ROW LEVEL SECURITY
ORDER sorted
STATUS tag
TAG ALTER TABLE
END

QUERY 0025
AREA RLS disabled again
SQL SELECT id, owner, body FROM docs ORDER BY id
ORDER as-returned
STATUS rows
COL id	Int64	notnull
COL owner	Utf8	notnull
COL body	Utf8	null
NROWS 6
ROW 1	alice	a1
ROW 2	alice	a2
ROW 3	alice	a3
ROW 4	bob	b1
ROW 5	bob	b2
ROW 6	carol	c1
END

