# Basin golden answers — recorded from the INCUMBENT engine (BASIN_OWNED_ENGINE unset).
# suite: scale   area: Windows@200
# Do not hand-edit. Regenerate: BASIN_GOLDEN_RECORD=1 cargo test -p basin-integration-tests \
#   --test golden_answers -- --ignored --nocapture record_golden_answers
# Rows are sorted unless ORDER is `as-returned`. `\N` is NULL. Cells are tab-separated.

QUERY 0025
AREA Windows@200
SQL SELECT id, k, rank() OVER (PARTITION BY grp ORDER BY k, id) FROM big ORDER BY id LIMIT 20
ORDER as-returned
STATUS rows
COL id	Int64	notnull
COL k	Int32	null
COL rank() PARTITION BY [big.grp] ORDER BY [big.k ASC NULLS LAST, big.id ASC NULLS LAST] RANGE BETWEEN UNBOUNDED PRECEDING AND CURRENT ROW	UInt64	notnull
NROWS 20
ROW 1	7	25
ROW 2	1	5
ROW 3	8	29
ROW 4	2	8
ROW 5	9	33
ROW 6	3	13
ROW 7	10	36
ROW 8	4	15
ROW 9	11	40
ROW 10	5	20
ROW 11	12	44
ROW 12	6	23
ROW 13	0	1
ROW 14	7	28
ROW 15	1	5
ROW 16	8	31
ROW 17	\N	48
ROW 18	9	35
ROW 19	3	12
ROW 20	10	38
END

QUERY 0026
AREA Windows@200
SQL SELECT id, dense_rank() OVER (ORDER BY k NULLS LAST) FROM big ORDER BY id LIMIT 20
ORDER as-returned
STATUS rows
COL id	Int64	notnull
COL dense_rank() ORDER BY [big.k ASC NULLS LAST] RANGE BETWEEN UNBOUNDED PRECEDING AND CURRENT ROW	UInt64	notnull
NROWS 20
ROW 1	8
ROW 2	2
ROW 3	9
ROW 4	3
ROW 5	10
ROW 6	4
ROW 7	11
ROW 8	5
ROW 9	12
ROW 10	6
ROW 11	13
ROW 12	7
ROW 13	1
ROW 14	8
ROW 15	2
ROW 16	9
ROW 17	14
ROW 18	10
ROW 19	4
ROW 20	11
END

QUERY 0027
AREA Windows@200
SQL SELECT id, sum(v) OVER (PARTITION BY grp ORDER BY id ROWS BETWEEN 2 PRECEDING AND CURRENT ROW) FROM big ORDER BY id LIMIT 25
ORDER as-returned
STATUS rows
COL id	Int64	notnull
COL sum(big.v) PARTITION BY [big.grp] ORDER BY [big.id ASC NULLS LAST] ROWS BETWEEN 2 PRECEDING AND CURRENT ROW	Float64	null
NROWS 25
ROW 1	0.25
ROW 2	0.5
ROW 3	0.75
ROW 4	1.0
ROW 5	1.5
ROW 6	2.0
ROW 7	2.5
ROW 8	3.0
ROW 9	3.75
ROW 10	4.5
ROW 11	5.25
ROW 12	6.0
ROW 13	6.75
ROW 14	7.5
ROW 15	8.25
ROW 16	9.0
ROW 17	9.75
ROW 18	10.5
ROW 19	11.25
ROW 20	12.0
ROW 21	12.75
ROW 22	13.5
ROW 23	8.5
ROW 24	15.0
ROW 25	15.75
END

QUERY 0028
AREA Windows@200
SQL SELECT id, ntile(4) OVER (ORDER BY id) FROM big ORDER BY id LIMIT 10
ORDER as-returned
STATUS rows
COL id	Int64	notnull
COL ntile(Int64(4)) ORDER BY [big.id ASC NULLS LAST] RANGE BETWEEN UNBOUNDED PRECEDING AND CURRENT ROW	UInt64	notnull
NROWS 10
ROW 1	1
ROW 2	1
ROW 3	1
ROW 4	1
ROW 5	1
ROW 6	1
ROW 7	1
ROW 8	1
ROW 9	1
ROW 10	1
END

QUERY 0029
AREA Windows@200
SQL SELECT id, lag(v) OVER (ORDER BY id), lead(v) OVER (ORDER BY id) FROM big ORDER BY id LIMIT 12
ORDER as-returned
STATUS rows
COL id	Int64	notnull
COL lag(big.v) ORDER BY [big.id ASC NULLS LAST] RANGE BETWEEN UNBOUNDED PRECEDING AND CURRENT ROW	Float64	null
COL lead(big.v) ORDER BY [big.id ASC NULLS LAST] RANGE BETWEEN UNBOUNDED PRECEDING AND CURRENT ROW	Float64	null
NROWS 12
ROW 1	\N	0.5
ROW 2	0.25	0.75
ROW 3	0.5	1.0
ROW 4	0.75	1.25
ROW 5	1.0	1.5
ROW 6	1.25	1.75
ROW 7	1.5	2.0
ROW 8	1.75	2.25
ROW 9	2.0	2.5
ROW 10	2.25	2.75
ROW 11	2.5	3.0
ROW 12	2.75	3.25
END

QUERY 0030
AREA Windows@200
SQL SELECT id, v, row_number() OVER (PARTITION BY grp ORDER BY v DESC NULLS LAST, id) rn FROM big ORDER BY grp, rn LIMIT 20
ORDER as-returned
STATUS rows
COL id	Int64	notnull
COL v	Float64	null
COL rn	UInt64	notnull
NROWS 20
ROW 200	50.0	1
ROW 196	49.0	2
ROW 192	48.0	3
ROW 188	47.0	4
ROW 180	45.0	5
ROW 176	44.0	6
ROW 172	43.0	7
ROW 168	42.0	8
ROW 164	41.0	9
ROW 160	40.0	10
ROW 156	39.0	11
ROW 152	38.0	12
ROW 148	37.0	13
ROW 144	36.0	14
ROW 140	35.0	15
ROW 136	34.0	16
ROW 132	33.0	17
ROW 128	32.0	18
ROW 124	31.0	19
ROW 120	30.0	20
END

QUERY 0031
AREA Windows@200
SQL SELECT id, count(*) OVER (PARTITION BY grp) FROM big ORDER BY id LIMIT 8
ORDER as-returned
STATUS rows
COL id	Int64	notnull
COL count(*) PARTITION BY [big.grp] ROWS BETWEEN UNBOUNDED PRECEDING AND UNBOUNDED FOLLOWING	Int64	notnull
NROWS 8
ROW 1	50
ROW 2	50
ROW 3	50
ROW 4	50
ROW 5	50
ROW 6	50
ROW 7	50
ROW 8	50
END

