# Basin golden answers — recorded from the INCUMBENT engine (BASIN_OWNED_ENGINE unset).
# suite: scale   area: Set ops@200
# Do not hand-edit. Regenerate: BASIN_GOLDEN_RECORD=1 cargo test -p basin-integration-tests \
#   --test golden_answers -- --ignored --nocapture record_golden_answers
# Rows are sorted unless ORDER is `as-returned`. `\N` is NULL. Cells are tab-separated.

QUERY 0045
AREA Set ops@200
SQL SELECT id FROM big WHERE id <= 100 EXCEPT SELECT id FROM big WHERE id % 2 = 0 ORDER BY 1
ORDER as-returned
STATUS rows
COL id	Int64	notnull
NROWS 50
ROW 1
ROW 3
ROW 5
ROW 7
ROW 9
ROW 11
ROW 13
ROW 15
ROW 17
ROW 19
ROW 21
ROW 23
ROW 25
ROW 27
ROW 29
ROW 31
ROW 33
ROW 35
ROW 37
ROW 39
ROW 41
ROW 43
ROW 45
ROW 47
ROW 49
ROW 51
ROW 53
ROW 55
ROW 57
ROW 59
ROW 61
ROW 63
ROW 65
ROW 67
ROW 69
ROW 71
ROW 73
ROW 75
ROW 77
ROW 79
ROW 81
ROW 83
ROW 85
ROW 87
ROW 89
ROW 91
ROW 93
ROW 95
ROW 97
ROW 99
END

QUERY 0046
AREA Set ops@200
SQL SELECT id FROM big WHERE id <= 10 UNION SELECT id FROM big WHERE id >= 195 ORDER BY 1
ORDER as-returned
STATUS rows
COL id	Int64	notnull
NROWS 16
ROW 1
ROW 2
ROW 3
ROW 4
ROW 5
ROW 6
ROW 7
ROW 8
ROW 9
ROW 10
ROW 195
ROW 196
ROW 197
ROW 198
ROW 199
ROW 200
END

QUERY 0047
AREA Set ops@200
SQL SELECT k FROM big INTERSECT SELECT k FROM big WHERE id < 20 ORDER BY 1 NULLS LAST
ORDER as-returned
STATUS rows
COL k	Int32	null
NROWS 14
ROW 0
ROW 1
ROW 2
ROW 3
ROW 4
ROW 5
ROW 6
ROW 7
ROW 8
ROW 9
ROW 10
ROW 11
ROW 12
ROW \N
END

